// Jest Snapshot v1, https://goo.gl/fbAQLP

exports[`Dashboard Tests Matches DOM Snapshot 1`] = `<div />`;
